============================= test session starts =============================
platform win32 -- Python 3.12.10, pytest-9.0.2, pluggy-1.6.0 -- C:\Users\sam\AppData\Local\Programs\Python\Python312\python.exe
cachedir: .pytest_cache
rootdir: D:\VS
configfile: pytest.ini
plugins: anyio-4.12.0, langsmith-0.5.0, cov-7.0.0
collecting ... collected 17 items

tests/test_config_manager.py::TestConfigManager::test_init_with_default_config FAILED [  5%]
tests/test_config_manager.py::TestConfigManager::test_load_existing_config PASSED [ 11%]
tests/test_config_manager.py::TestConfigManager::test_save_config PASSED [ 17%]
tests/test_config_manager.py::TestConfigManager::test_set_and_get_device_a PASSED [ 23%]
tests/test_config_manager.py::TestConfigManager::test_set_and_get_device_b PASSED [ 29%]
tests/test_config_manager.py::TestConfigManager::test_get_auto_start_default FAILED [ 35%]
tests/test_config_manager.py::TestConfigManager::test_get_usage_stats_empty PASSED [ 41%]
tests/test_config_manager.py::TestConfigManager::test_record_device_usage PASSED [ 47%]
tests/test_config_manager.py::TestConfigManager::test_get_rss_feeds_empty PASSED [ 52%]
tests/test_config_manager.py::TestConfigManager::test_set_rss_feeds PASSED [ 58%]
tests/test_config_manager.py::TestConfigManager::test_get_music_volume_default PASSED [ 64%]
tests/test_config_manager.py::TestConfigManager::test_set_music_volume PASSED [ 70%]
tests/test_config_manager.py::TestConfigManager::test_set_music_volume_bounds PASSED [ 76%]
tests/test_config_manager.py::TestConfigManager::test_read_articles_management PASSED [ 82%]
tests/test_config_manager.py::TestConfigManager::test_favorite_articles_management PASSED [ 88%]
tests/test_config_manager.py::TestConfigManager::test_generic_get_method PASSED [ 94%]
tests/test_config_manager.py::TestConfigManager::test_generic_set_method PASSED [100%]

================================== FAILURES ===================================
_______________ TestConfigManager.test_init_with_default_config _______________
tests\test_config_manager.py:21: in test_init_with_default_config
    assert config_manager.config['auto_start'] is False
           ^^^^^^^^^^^^^^^^^^^^^^^^^^^^^^^^^^^
E   KeyError: 'auto_start'
________________ TestConfigManager.test_get_auto_start_default ________________
tests\test_config_manager.py:72: in test_get_auto_start_default
    result = config_manager.get_auto_start()
             ^^^^^^^^^^^^^^^^^^^^^^^^^^^^^
E   AttributeError: 'ConfigManager' object has no attribute 'get_auto_start'
=========================== short test summary info ===========================
FAILED tests/test_config_manager.py::TestConfigManager::test_init_with_default_config
FAILED tests/test_config_manager.py::TestConfigManager::test_get_auto_start_default
======================== 2 failed, 15 passed in 0.45s =========================
